ASTEROID_START_POS EQU 00037H
BREG		EQU 0401EH
BasicEnd	EQU 054FCH
CDFLAG		EQU 0403BH
CH_ADD		EQU 04016H
CLS		EQU 00A2AH
COORDS		EQU 04036H
DEBOUN		EQU 04027H
DEST		EQU 04012H
DF_CC		EQU 0400EH
DF_SZ		EQU 04022H
D_FILE		EQU 0400CH
Display		EQU 04CD7H
E_LINE		EQU 04014H
E_PPC		EQU 0400AH
ExtraAllowAstOffBottom EQU 04FF0H
FLAGX		EQU 0402DH
FRAMES		EQU 04034H
KEYBOARD_READ_PORT EQU 000FEH
KEYBOARD_READ_PORT_A_TO_G EQU 000FDH
KEYBOARD_READ_PORT_P_TO_Y EQU 000DFH
KEYBOARD_READ_PORT_Q_TO_T EQU 000FBH
KEYBOARD_READ_PORT_SHIFT_TO_V EQU 000FEH
KEYBOARD_READ_PORT_SPACE_TO_B EQU 0007FH
LAST_K		EQU 04025H
LEVEL_COUNT_DOWN_INIT EQU 00004H
LEV_COUNTDOWN_TO_INVOKE_BOSS EQU 00002H
Line1		EQU 0407DH
Line1End	EQU 04CC5H
Line1Text	EQU 04081H
Line2		EQU 04CC5H
Line2End	EQU 04CD7H
Line2Text	EQU 04CC9H
LivesText	EQU 053EFH
MARGIN		EQU 04028H
MEM		EQU 0401FH
MEMBOT		EQU 0403CH
MISSILE_COUNTDOWN_INIT EQU 00012H
MissileHitAsteroid EQU 046E6H
MissileInFlightFlag EQU 05383H
NXTLIN		EQU 04029H
OLDPPC		EQU 0402BH
PLAYER_LIVES	EQU 00003H
PLAYER_START_POS EQU 0027DH
PRINT		EQU 00010H
PRINTAT		EQU 008F5H
PR_CC		EQU 04038H
SCREEN_HEIGHT	EQU 00017H
SCREEN_WIDTH	EQU 00020H
SEED		EQU 04032H
STKBOT		EQU 0401AH
STKEND		EQU 0401CH
STRLEN		EQU 0402EH
S_POSN		EQU 04039H
S_TOP		EQU 04023H
TEMP_enemySpriteFrame EQU 05379H
TEMP_enemySpritePointer EQU 05373H
TEMP_enemySpritePos_CUR EQU 05375H
TOTAL_NUMBER_OF_ASTEROIDS EQU 00008H
T_ADDR		EQU 04030H
TopLineText	EQU 053F6H
UFOBonusCountUp	EQU 053BBH
UFOBonusSprite	EQU 05108H
UFOBonusSpritePointer EQU 053BCH
UFOValid	EQU 053BAH
UNUNSED2	EQU 0403EH
UNUSED1		EQU 04021H
VARS		EQU 04010H
VERSN		EQU 04009H
VSYNCLOOP	EQU 00002H
Variables	EQU 04FF0H
VariablesEnd	EQU 054FBH
X_PTR		EQU 04018H
YSpeed		EQU 0537EH
_0		EQU 0001CH
_1		EQU 0001DH
_2		EQU 0001EH
_3		EQU 0001FH
_4		EQU 00020H
_5		EQU 00021H
_6		EQU 00022H
_7		EQU 00023H
_8		EQU 00024H
_9		EQU 00025H
_A		EQU 00026H
_AS		EQU 00017H
_B		EQU 00027H
_BL		EQU 00080H
_C		EQU 00028H
_CL		EQU 0000EH
_CM		EQU 0001AH
_CP		EQU 00011H
_D		EQU 00029H
_DT		EQU 0001BH
_E		EQU 0002AH
_EQ		EQU 00014H
_F		EQU 0002BH
_G		EQU 0002CH
_GT		EQU 00012H
_H		EQU 0002DH
_I		EQU 0002EH
_J		EQU 0002FH
_K		EQU 00030H
_L		EQU 00031H
_LT		EQU 00013H
_M		EQU 00032H
_MI		EQU 00016H
_N		EQU 00033H
_NL		EQU 00076H
_O		EQU 00034H
_OP		EQU 00010H
_P		EQU 00035H
_PD		EQU 0000CH
_PL		EQU 00015H
_Q		EQU 00036H
_QM		EQU 0000FH
_QT		EQU 0000BH
_R		EQU 00037H
_S		EQU 00038H
_SC		EQU 00019H
_SD		EQU 0000DH
_SL		EQU 00018H
_T		EQU 00039H
_U		EQU 0003AH
_V		EQU 0003BH
_W		EQU 0003CH
_X		EQU 0003DH
_Y		EQU 0003EH
_Z		EQU 0003FH
__		EQU 00000H
addOneToHund	EQU 04C19H
assumeAllAsteroidsValid EQU 0451DH
asteroidIndexLoop EQU 0465EH
asteroidPosTemp	EQU 05381H
asteroidRowLeftPositionTemp EQU 053C3H
asteroidSpriteCycleCount EQU 053C6H
asteroidSpriteData4x4 EQU 05274H
asteroidSpritePointer EQU 053C7H
asteroidTempPositionStore EQU 043E1H
asteroidTopLeftPositions EQU 053DFH
asteroidUFOCountUp EQU 04947H
asteroidValidMap EQU 04513H
asteroidValidMapPtr EQU 0451BH
awardNewLife	EQU 04C67H
bitsetMaskAsteroidTemp EQU 053C5H
blankSprite	EQU 052B4H
blockFilled	EQU 0530CH
bossLevelFlag	EQU 053B6H
bossSpriteLocation EQU 053D6H
checkForSharkHit EQU 04B14H
checkHitLoop	EQU 046C2H
checkIfMissileHit EQU 046B6H
checkIfMissileHit_FAST EQU 04615H
checkIfPlayerHit EQU 04908H
checkIfPlayerHitEndEarly EQU 04945H
checkIfPlayerHitLoop EQU 04913H
checkNextMissileHit EQU 046E0H
continueDrawShark EQU 04B36H
continueGampLoop EQU 04AC5H
continueUpdateAsteroid EQU 0440BH
continueWithGameLoop EQU 04222H
credits_and_version_1 EQU 054BDH
credits_and_version_2 EQU 054D3H
credits_and_version_3 EQU 054E4H
currentMissilePosition EQU 05385H
currentPlayerLocation EQU 0537FH
deadPlayerSpritePointer EQU 053BFH
debugPrintAsteroidPos1stRow EQU 04392H
debugPrintAsteroidPos2ndRow EQU 043ADH
debugPrintRegisters EQU 044B4H
doFireMissile	EQU 042C0H
drawAsteroidLoop EQU 04528H
drawAsteroids	EQU 0451DH
drawExplosionPreLoop EQU 04672H
drawMissileAndBlank EQU 0485DH
drawSprite	EQU 04BBEH
drawSprite_OR_BACKGROUND EQU 04BCFH
drawSprite_OR_ColLoop EQU 04BD2H
drawUFOBonus	EQU 04B15H
endBasic	EQU 04CD7H
endDrawAstLoop	EQU 0458BH
endDrawUFOBonus	EQU 04B99H
endLoopUpdateAsteroids EQU 04444H
endOfIncreaseScore EQU 04C6EH
endOfUpdateJollyRoger EQU 049C1H
endOfVsync	EQU 04CC3H
endOfcheckIfPlayerHit EQU 04946H
endTest		EQU 04088H
endTestDrawAsteroid EQU 04603H
endTestHaltLoop	EQU 043C6H
endTestUpAstHaltLoop EQU 04472H
enemySprite4by4BlankPointer EQU 0537CH
enemySprite5by8Blank EQU 0538EH
enemySpriteFrameOne EQU 0537BH
enemySpriteFrameZero EQU 0537AH
enemySpriteOnePos_CUR EQU 0536FH
enemySpriteOnePos_DIR EQU 0536BH
enemySpriteOnePos_END EQU 05367H
enemySpriteOnePos_RATE EQU 05372H
enemySpriteOnePos_ST EQU 05363H
enemySpriteOne_HorizVert EQU 05378H
enemySpriteZeroPos_CUR EQU 0536DH
enemySpriteZeroPos_DIR EQU 05369H
enemySpriteZeroPos_END EQU 05365H
enemySpriteZeroPos_RATE EQU 05371H
enemySpriteZeroPos_ST EQU 05361H
enemySpriteZero_HorizVert EQU 05377H
enemySprites	EQU 0537CH
evenOddLoopCount EQU 05360H
evenOddLoopFlag	EQU 0535FH
executeNextLevelStart EQU 04A95H
executeRestartLevel EQU 049DAH
exitLoopEarlyCheckCollision EQU 04727H
explosionDelayLoop EQU 04704H
explosionDelayLoop2 EQU 04707H
explosionDelayLoop2_FAST EQU 04690H
explosionDelayLoop_FAST EQU 0468DH
explosionDrawLoop EQU 046F5H
explosionDrawLoop_FAST EQU 04677H
explsion4x4	EQU 05188H
fastHit		EQU 04639H
fastHitCheckLoop EQU 04645H
fastHitDone	EQU 046B5H
fastHitFoundAsteroid EQU 04651H
fastHitNotFoundAsteroid EQU 04665H
fireMissile	EQU 0487EH
fireMissileAgain EQU 0477CH
fireMissileAgainTop EQU 047E3H
gameLevel	EQU 05388H
gameLoop	EQU 041FCH
gameOverRestartFlag EQU 053DBH
game_objective_boarder EQU 05478H
game_objective_txt EQU 0545BH
goNextLevelFlag	EQU 053DCH
highScoreHundEqualCheckTens EQU 04C35H
high_Score_txt	EQU 054A9H
high_score_hund	EQU 053D0H
high_score_tens	EQU 053CFH
hprint		EQU 044FEH
increaseScore	EQU 04C0AH
initAsteroidsLoop EQU 04334H
initValid3AsteroidLoop EQU 042F5H
initValidAsteroidLoop EQU 04301H
initValidAsteroidLoop2 EQU 0430BH
initValidAsteroidLoop3 EQU 0431FH
initVariables	EQU 0417FH
initialiseAValidAlternate EQU 04306H
initialiseAsteroidValidAllOn EQU 042FAH
initialiseAsteroids EQU 0432FH
initialiseFirstAsteroidValid EQU 04315H
initialise_3_AsteroidValid EQU 042EEH
introWaitLoop	EQU 0408AH
introWaitLoop_1	EQU 0408CH
introWaitLoop_2	EQU 040ACH
intro_title	EQU 040B3H
jollyRoger	EQU 051D4H
jollyRogerDirUpdate EQU 053D3H
jollyRogerXPos	EQU 053D5H
jollyRogerYPosCountDown EQU 053D8H
keys_screen_txt_1 EQU 05427H
keys_screen_txt_2 EQU 05442H
last_Score_txt	EQU 05495H
last_score_mem_hund EQU 053D2H
last_score_mem_tens EQU 053D1H
levelCountDown	EQU 05387H
limitTo2	EQU 0437DH
limitTo28	EQU 04381H
missileCountDown EQU 05384H
missileData	EQU 050F8H
missileNearTopSkipAll EQU 046B5H
moveLeft	EQU 04271H
moveRight	EQU 04299H
noAdjustRand	EQU 04367H
noDrawSharkAndSetInvalid EQU 04B78H
noHitMissile	EQU 0471DH
noMissileUpClearMissile EQU 048B2H
noMissileUpdate	EQU 048C8H
notriggerUFO	EQU 04962H
pirateDirUpdate	EQU 053C9H
pirateFiringFlag EQU 0535DH
pirateXPos	EQU 053CBH
playerDeathDelayLoop EQU 04A1AH
playerDeathDelayLoop2 EQU 04A1DH
playerDeathDelayLoop3 EQU 04A27H
playerDeathDelayLoop4 EQU 04A2AH
playerDeathLoop	EQU 04A00H
playerHitSprite	EQU 05214H
playerLives	EQU 053CCH
playerSpriteData EQU 052A4H
playerSpritePointer EQU 053C1H
playerXPos	EQU 0535EH
preinit		EQU 0417CH
previousbossSpriteLocation EQU 053D9H
printAsteroidPositionsTestUpdate EQU 04476H
printAsteroidValidStatus EQU 043CAH
printLivesAndScore EQU 04BE5H
printNumber	EQU 04CA2H
printNumber_loop EQU 04CA6H
printUpdateAsteroidPos1stRow EQU 0447CH
printUpdateAsteroidPos2ndRow EQU 0449DH
print_number16bits EQU 04C81H
print_number8bits EQU 04C8CH
printstring	EQU 04C6FH
printstring_end	EQU 04C7FH
printstring_loop EQU 04C74H
randAsteroidLocation EQU 0435DH
randLimitComplete EQU 04383H
randNextAsteroidPosition EQU 0535CH
randomSeed	EQU 053DDH
read_start_key_1 EQU 04166H
read_start_key_2 EQU 04171H
resetAsteroidSprite EQU 04578H
resetAsteroidText EQU 043E3H
resetAsteroid_HL EQU 04598H
resetEvenOddAndSetFlag EQU 04219H
resetJollyRogerPos EQU 04B9AH
resetRandSeed_1	EQU 0409FH
resetSharkSpriteSprite EQU 04B2CH
resetUpdateAsteroid EQU 04427H
restartLevelFlag EQU 0538DH
reverseDirToNeg	EQU 04970H
reverseDirToPos	EQU 049B9H
scoreNewLifeCheckTens EQU 04C5BH
score_mem_hund	EQU 053CEH
score_mem_tens	EQU 053CDH
secondIntroWaitLoop EQU 040AAH
setBossLevelFlag EQU 04ABBH
setEndOfLevelFlagJR EQU 0498DH
setFirstPositionForTest EQU 04324H
setGameOverFlag	EQU 04A4BH
setGameOverFlagJR EQU 049B0H
setHighScore	EQU 04C42H
setRandomNumber16 EQU 0436BH
sharkAbsoluteScreenPos EQU 053B8H
sharkPosX	EQU 053B7H
sharkSpriteCycleCount EQU 053BEH
skipAddHund	EQU 04C27H
skipCheckRestHighScore EQU 04C50H
skipDrawAsteroid EQU 04586H
skipFireKeyDetect_1 EQU 0426EH
skipGameOverFlagSet EQU 04A50H
skipLaunchMissile EQU 04899H
skipMissileDraw	EQU 042E5H
skipPlayerHit	EQU 04940H
skipUFOInGameLoop EQU 04236H
skipUpdateAsteroidSpritePtr EQU 04582H
skipasteroidIndexLoop EQU 04661H
skipfireMissileAgain EQU 04782H
skipfireMissileAgainTop EQU 047E9H
sync		EQU 04CBDH
tempFindAsteroidIndex EQU 04606H
testAsteroidText_done EQU 045B7H
testCheckColMissileLoop1 EQU 04750H
testCheckColMissileLoop2 EQU 04821H
testCheckColMissileLoopTop1 EQU 047BAH
testCheckCollisionDone EQU 0478FH
testCheckCollisionDone2 EQU 04853H
testCheckCollisionDoneTop EQU 047F6H
testCollisionText_done EQU 04728H
testDEBUGText_HIT EQU 04607H
testDEBUGText_NOTHIT EQU 0460DH
testFullScreenAsteroidUpdateLoop EQU 04465H
testMissileText_done EQU 048C9H
testMoveMissileLoop EQU 048EBH
testValidPrintAsteroidLoop EQU 043D2H
test_DrawAsteroidLoop1 EQU 045CCH
test_DrawAsteroidLoop2 EQU 045E7H
test_Missile	EQU 048D3H
test_UpdateAsteroids EQU 04448H
test_checkCollisionAtTopRow EQU 0479CH
test_checkCollisionMulti EQU 04732H
test_checkCollision_One EQU 04803H
test_drawAsteroids EQU 045C1H
test_initialiseAsteroids EQU 04384H
title_screen_txt EQU 05416H
triggerUFO	EQU 04954H
updateAsteroidLoop EQU 043EEH
updateAsteroidsPositions EQU 043E9H
updateJollyRoger EQU 04963H
updateMissilePosition EQU 0489AH
updateRestOfScreen EQU 042C3H
vsync		EQU 04CB9H
waitForTVSync	EQU 041FEH
waitForTVSyncTestCheckCol1 EQU 04754H
waitForTVSyncTestCheckCol2 EQU 04825H
waitForTVSyncTestCheckColTop1 EQU 047BEH
waitForTVSyncTestDraw1 EQU 045D0H
waitForTVSyncTestDraw2 EQU 045EBH
waitForTVSyncTestMissile EQU 048EFH
