ASTEROID_START_POS EQU 00037H
BREG		EQU 0401EH
BasicEnd	EQU 05673H
CDFLAG		EQU 0403BH
CH_ADD		EQU 04016H
CLS		EQU 00A2AH
COORDS		EQU 04036H
DEBOUN		EQU 04027H
DEST		EQU 04012H
DF_CC		EQU 0400EH
DF_SZ		EQU 04022H
D_FILE		EQU 0400CH
Display		EQU 04E4EH
E_LINE		EQU 04014H
E_PPC		EQU 0400AH
ExtraAllowAstOffBottom EQU 05167H
FLAGX		EQU 0402DH
FRAMES		EQU 04034H
KEYBOARD_READ_PORT EQU 000FEH
KEYBOARD_READ_PORT_A_TO_G EQU 000FDH
KEYBOARD_READ_PORT_P_TO_Y EQU 000DFH
KEYBOARD_READ_PORT_Q_TO_T EQU 000FBH
KEYBOARD_READ_PORT_SHIFT_TO_V EQU 000FEH
KEYBOARD_READ_PORT_SPACE_TO_B EQU 0007FH
LAST_K		EQU 04025H
LEVEL_COUNT_DOWN_INIT EQU 00004H
LEV_COUNTDOWN_TO_INVOKE_BOSS EQU 00002H
Line1		EQU 0407DH
Line1End	EQU 04E3CH
Line1Text	EQU 04081H
Line2		EQU 04E3CH
Line2End	EQU 04E4EH
Line2Text	EQU 04E40H
LivesText	EQU 05566H
MARGIN		EQU 04028H
MEM		EQU 0401FH
MEMBOT		EQU 0403CH
MISSILE_COUNTDOWN_INIT EQU 00012H
MissileHitAsteroid EQU 04883H
MissileInFlightFlag EQU 054FAH
NXTLIN		EQU 04029H
OLDPPC		EQU 0402BH
PLAYER_LIVES	EQU 00003H
PLAYER_START_POS EQU 0027DH
PRINT		EQU 00010H
PRINTAT		EQU 008F5H
PR_CC		EQU 04038H
SCREEN_HEIGHT	EQU 00017H
SCREEN_WIDTH	EQU 00020H
SEED		EQU 04032H
STKBOT		EQU 0401AH
STKEND		EQU 0401CH
STRLEN		EQU 0402EH
S_POSN		EQU 04039H
S_TOP		EQU 04023H
TEMP_enemySpriteFrame EQU 054F0H
TEMP_enemySpritePointer EQU 054EAH
TEMP_enemySpritePos_CUR EQU 054ECH
TOTAL_NUMBER_OF_ASTEROIDS EQU 00007H
T_ADDR		EQU 04030H
TopLineText	EQU 0556DH
UFOBonusCountUp	EQU 05532H
UFOBonusSprite	EQU 0527FH
UFOBonusSpritePointer EQU 05533H
UFOValid	EQU 05531H
UNUNSED2	EQU 0403EH
UNUSED1		EQU 04021H
VARS		EQU 04010H
VERSN		EQU 04009H
VSYNCLOOP	EQU 00002H
Variables	EQU 05167H
VariablesEnd	EQU 05672H
X_PTR		EQU 04018H
YSpeed		EQU 054F5H
_0		EQU 0001CH
_1		EQU 0001DH
_2		EQU 0001EH
_3		EQU 0001FH
_4		EQU 00020H
_5		EQU 00021H
_6		EQU 00022H
_7		EQU 00023H
_8		EQU 00024H
_9		EQU 00025H
_A		EQU 00026H
_AS		EQU 00017H
_B		EQU 00027H
_BL		EQU 00080H
_C		EQU 00028H
_CL		EQU 0000EH
_CM		EQU 0001AH
_CP		EQU 00011H
_D		EQU 00029H
_DT		EQU 0001BH
_E		EQU 0002AH
_EQ		EQU 00014H
_F		EQU 0002BH
_G		EQU 0002CH
_GT		EQU 00012H
_H		EQU 0002DH
_I		EQU 0002EH
_J		EQU 0002FH
_K		EQU 00030H
_L		EQU 00031H
_LT		EQU 00013H
_M		EQU 00032H
_MI		EQU 00016H
_N		EQU 00033H
_NL		EQU 00076H
_O		EQU 00034H
_OP		EQU 00010H
_P		EQU 00035H
_PD		EQU 0000CH
_PL		EQU 00015H
_Q		EQU 00036H
_QM		EQU 0000FH
_QT		EQU 0000BH
_R		EQU 00037H
_S		EQU 00038H
_SC		EQU 00019H
_SD		EQU 0000DH
_SL		EQU 00018H
_T		EQU 00039H
_U		EQU 0003AH
_V		EQU 0003BH
_W		EQU 0003CH
_X		EQU 0003DH
_Y		EQU 0003EH
_Z		EQU 0003FH
__		EQU 00000H
addOneToHund	EQU 04DE5H
assumeAllAsteroidsValid EQU 04689H
asteroid8BitIndex EQU 04520H
asteroidIndexLoop EQU 047ECH
asteroidIndexLoop2 EQU 047FCH
asteroidPosTemp	EQU 054F8H
asteroidRowLeftPositionTemp EQU 0553AH
asteroidSpriteCycleCount EQU 0553DH
asteroidSpriteData4x4 EQU 053EBH
asteroidSpritePointer EQU 0553EH
asteroidTempPositionStore EQU 04521H
asteroidTopLeftPositions EQU 05556H
asteroidUFOCountUp EQU 04B13H
asteroidValidMap EQU 04677H
asteroidValidMapPtr EQU 0467FH
asteroidXPositions EQU 04681H
awardNewLife	EQU 04E33H
bitsetMaskAsteroidTemp EQU 0553CH
blankSprite	EQU 0542BH
blockFilled	EQU 05483H
bossLevelFlag	EQU 0552DH
bossSpriteLocation EQU 0554DH
checkForSharkHit EQU 04CE0H
checkHitLoop	EQU 0485FH
checkIfMissileHit EQU 04853H
checkIfMissileHit_FAST EQU 047A3H
checkIfPlayerHit EQU 04AD4H
checkIfPlayerHitEndEarly EQU 04B11H
checkIfPlayerHitLoop EQU 04ADFH
checkNextMissileHit EQU 0487DH
continueDrawShark EQU 04D02H
continueGampLoop EQU 04C91H
continueUpdateAsteroid EQU 04555H
continueWithGameLoop EQU 0421FH
countAsteroidValidLoop EQU 045A1H
countNumberValidAsteroids EQU 0459AH
credits_and_version_1 EQU 05634H
credits_and_version_2 EQU 0564AH
credits_and_version_3 EQU 0565BH
currentMissilePosition EQU 054FCH
currentPlayerLocation EQU 054F6H
deadPlayerSpritePointer EQU 05536H
debugPrintAsteroidPos1stRow EQU 044A0H
debugPrintAsteroidPos2ndRow EQU 044BBH
debugPrintRegisters EQU 04618H
doFireMissile	EQU 042BDH
drawAsteroidLoop EQU 04698H
drawAsteroids	EQU 04689H
drawExplosionPreLoop EQU 0480FH
drawMissileAndBlank EQU 04A29H
drawSprite	EQU 04D8AH
drawSprite_OR_BACKGROUND EQU 04D9BH
drawSprite_OR_ColLoop EQU 04D9EH
drawUFOBonus	EQU 04CE1H
endBasic	EQU 04E4EH
endDrawAstLoop	EQU 04700H
endDrawUFOBonus	EQU 04D65H
endLoopUpdateAsteroids EQU 04576H
endOfIncreaseScore EQU 04E3AH
endOfUpdateJollyRoger EQU 04B8DH
endOfVsync	EQU 0433FH
endOfcheckIfPlayerHit EQU 04B12H
endTest		EQU 04085H
endTestDrawAsteroid EQU 04791H
endTestUpAstHaltLoop EQU 045D6H
enemySprite4by4BlankPointer EQU 054F3H
enemySprite5by8Blank EQU 05505H
enemySpriteFrameOne EQU 054F2H
enemySpriteFrameZero EQU 054F1H
enemySpriteOnePos_CUR EQU 054E6H
enemySpriteOnePos_DIR EQU 054E2H
enemySpriteOnePos_END EQU 054DEH
enemySpriteOnePos_RATE EQU 054E9H
enemySpriteOnePos_ST EQU 054DAH
enemySpriteOne_HorizVert EQU 054EFH
enemySpriteZeroPos_CUR EQU 054E4H
enemySpriteZeroPos_DIR EQU 054E0H
enemySpriteZeroPos_END EQU 054DCH
enemySpriteZeroPos_RATE EQU 054E8H
enemySpriteZeroPos_ST EQU 054D8H
enemySpriteZero_HorizVert EQU 054EEH
enemySprites	EQU 054F3H
evenOddLoopCount EQU 054D7H
evenOddLoopFlag	EQU 054D6H
executeNextLevelStart EQU 04C61H
executeRestartLevel EQU 04BA6H
exitLoopEarlyCheckCollision EQU 048C5H
explosionDelayLoop EQU 048A1H
explosionDelayLoop2 EQU 048A4H
explosionDelayLoop2_FAST EQU 0482DH
explosionDelayLoop_FAST EQU 0482AH
explosionDrawLoop EQU 04892H
explosionDrawLoop_FAST EQU 04814H
explsion4x4	EQU 052FFH
fastHit		EQU 047C7H
fastHitCheckLoop EQU 047D3H
fastHitDone	EQU 04852H
fastHitFoundAsteroid EQU 047DFH
fastHitNotFoundAsteroid EQU 04802H
fireMissile	EQU 04A4AH
fireMissileAgain EQU 0493FH
fireMissileAgainTop EQU 049AFH
gameLevel	EQU 054FFH
gameLoop	EQU 041F9H
gameOverRestartFlag EQU 05552H
game_objective_boarder EQU 055EFH
game_objective_txt EQU 055D2H
goNextLevelFlag	EQU 05553H
highScoreHundEqualCheckTens EQU 04E01H
high_Score_txt	EQU 05620H
high_score_hund	EQU 05547H
high_score_tens	EQU 05546H
hprint		EQU 04662H
incIndexOfRandomLoop_inner EQU 04401H
incIndexOfRandomLoop_outer EQU 043FBH
increaseScore	EQU 04DD6H
initAsteroidsLoop EQU 043BDH
initValid3AsteroidLoop EQU 0437AH
initValidAsteroidLoop EQU 04386H
initValidAsteroidLoop2 EQU 04390H
initValidAsteroidLoop3 EQU 043A4H
initVariables	EQU 0417CH
initialiseAValidAlternate EQU 0438BH
initialiseAsteroidValidAllOn EQU 0437FH
initialiseAsteroids EQU 043B4H
initialiseFirstAsteroidValid EQU 0439AH
initialise_3_AsteroidValid EQU 04373H
introWaitLoop	EQU 04087H
introWaitLoop_1	EQU 04089H
introWaitLoop_2	EQU 040A9H
intro_title	EQU 040B0H
jollyRoger	EQU 0534BH
jollyRogerDirUpdate EQU 0554AH
jollyRogerXPos	EQU 0554CH
jollyRogerYPosCountDown EQU 0554FH
keys_screen_txt_1 EQU 0559EH
keys_screen_txt_2 EQU 055B9H
last_Score_txt	EQU 0560CH
last_score_mem_hund EQU 05549H
last_score_mem_tens EQU 05548H
levelCountDown	EQU 054FEH
limitTo0	EQU 0441DH
limitTo6	EQU 04421H
missileCountDown EQU 054FBH
missileData	EQU 0526FH
missileNearTopSkipAll EQU 04852H
moveLeft	EQU 0426EH
moveRight	EQU 04296H
noDrawSharkAndSetInvalid EQU 04D44H
noHitMissile	EQU 048BAH
noMissileUpClearMissile EQU 04A7EH
noMissileUpdate	EQU 04A94H
notriggerUFO	EQU 04B2EH
pirateDirUpdate	EQU 05540H
pirateFiringFlag EQU 054D4H
pirateXPos	EQU 05542H
playerDeathDelayLoop EQU 04BE6H
playerDeathDelayLoop2 EQU 04BE9H
playerDeathDelayLoop3 EQU 04BF3H
playerDeathDelayLoop4 EQU 04BF6H
playerDeathLoop	EQU 04BCCH
playerHitSprite	EQU 0538BH
playerLives	EQU 05543H
playerSpriteData EQU 0541BH
playerSpritePointer EQU 05538H
playerXPos	EQU 054D5H
preinit		EQU 04179H
previousbossSpriteLocation EQU 05550H
printAsteroidPoistions EQU 04494H
printAsteroidPositionsTestUpdate EQU 045DAH
printAsteroidValidStatus EQU 0443AH
printAsteroidXPosLoop EQU 044DEH
printAsteroidXPositions EQU 044D6H
printDebugRandAsteroid EQU 044EFH
printLivesAndScore EQU 04DB1H
printNumber	EQU 0431EH
printNumber_loop EQU 04322H
printUpdateAsteroidPos1stRow EQU 045E0H
printUpdateAsteroidPos2ndRow EQU 04601H
print_number16bits EQU 042FDH
print_number8bits EQU 04308H
printstring	EQU 042EBH
printstring_end	EQU 042FBH
printstring_loop EQU 042F0H
randAsteroidLocation EQU 043F0H
randLimitComplete EQU 04423H
randNextAsteroidPosition EQU 054D3H
randomPrecalculatedXPos EQU 04342H
randomSeed	EQU 05554H
randomXPosTableIndex EQU 04340H
read_start_key_1 EQU 04163H
read_start_key_2 EQU 0416EH
resetAsteroidSprite EQU 046E8H
resetAsteroidText EQU 04523H
resetAsteroid_HL EQU 04714H
resetEvenOddAndSetFlag EQU 04216H
resetJollyRogerPos EQU 04D66H
resetRandSeed_1	EQU 0409CH
resetSharkSpriteSprite EQU 04CF8H
resetUpdateAsteroid EQU 04571H
restartLevelFlag EQU 05504H
reverseDirToNeg	EQU 04B3CH
reverseDirToPos	EQU 04B85H
scoreNewLifeCheckTens EQU 04E27H
score_mem_hund	EQU 05545H
score_mem_tens	EQU 05544H
secondIntroWaitLoop EQU 040A7H
setBossLevelFlag EQU 04C87H
setEndOfLevelFlagJR EQU 04B59H
setFirstPositionForTest EQU 043A9H
setGameOverFlag	EQU 04C17H
setGameOverFlagJR EQU 04B7CH
setHighScore	EQU 04E0EH
setRandomNumber6 EQU 0440BH
sharkAbsoluteScreenPos EQU 0552FH
sharkPosX	EQU 0552EH
sharkSpriteCycleCount EQU 05535H
skipAddHund	EQU 04DF3H
skipCheckRestHighScore EQU 04E1CH
skipDrawAsteroid EQU 046F6H
skipFireKeyDetect_1 EQU 0426BH
skipGameOverFlagSet EQU 04C1CH
skipIncValidAsteroid EQU 045A7H
skipLaunchMissile EQU 04A65H
skipMissileDraw	EQU 042E2H
skipPlayerHit	EQU 04B0CH
skipUFOInGameLoop EQU 04233H
skipUpdateAsteroidSpritePtr EQU 046F2H
skipasteroidIndexLoop EQU 047EFH
skipasteroidIndexLoop2 EQU 04800H
skipfireMissileAgain EQU 04945H
skipfireMissileAgainTop EQU 049B5H
sync		EQU 04339H
tempFindAsteroidIndex EQU 04794H
testAsteroidText_done EQU 04742H
testCheckColMissileLoop1 EQU 04910H
testCheckColMissileLoop2 EQU 049EDH
testCheckColMissileLoopTop1 EQU 04986H
testCheckCollisionDone EQU 0495BH
testCheckCollisionDone2 EQU 04A1FH
testCheckCollisionDoneTop EQU 049C2H
testCollisionTextMulti_done EQU 048C6H
testCollisionTextOne_done EQU 048D6H
testCollisionTextTop_done EQU 048E4H
testDEBUGText_HIT EQU 04795H
testDEBUGText_NOTHIT EQU 0479BH
testDoneText	EQU 04451H
testFullScreenAsteroidUpdateLoop EQU 045C9H
testIniAsteroidLoop EQU 04426H
testMissileText_done EQU 04A95H
testMoveMissileLoop EQU 04AB7H
testRandLoop	EQU 04458H
testValidPrintAsteroidLoop EQU 04442H
test_DrawAsteroidLoop1 EQU 04754H
test_DrawAsteroidLoop2 EQU 04772H
test_Missile	EQU 04A9FH
test_UpdateAsteroids EQU 045ACH
test_checkCollisionAtTopRow EQU 04968H
test_checkCollisionMulti EQU 048F2H
test_checkCollision_One EQU 049CFH
test_drawAsteroids EQU 0474CH
test_initialiseAsteroids EQU 04424H
test_randAsteroidLocation EQU 04456H
test_randAsteroidLoop EQU 04465H
title_screen_txt EQU 0558DH
triggerUFO	EQU 04B20H
updateAsteroidLoop EQU 04538H
updateAsteroidsPositions EQU 04529H
updateJollyRoger EQU 04B2FH
updateMissilePosition EQU 04A66H
updateRestOfScreen EQU 042C0H
vsync		EQU 04335H
waitForTVSync	EQU 041FBH
waitForTVSyncTestCheckCol1 EQU 04914H
waitForTVSyncTestCheckCol2 EQU 049F1H
waitForTVSyncTestCheckColTop1 EQU 0498AH
waitForTVSyncTestDraw1 EQU 04758H
waitForTVSyncTestDraw2 EQU 04776H
waitForTVSyncTestMissile EQU 04ABBH
