ASTEROID_START_POS EQU 00037H
BREG		EQU 0401EH
BasicEnd	EQU 055F0H
CDFLAG		EQU 0403BH
CH_ADD		EQU 04016H
CLS		EQU 00A2AH
COORDS		EQU 04036H
DEBOUN		EQU 04027H
DEST		EQU 04012H
DF_CC		EQU 0400EH
DF_SZ		EQU 04022H
D_FILE		EQU 0400CH
Display		EQU 04DCBH
E_LINE		EQU 04014H
E_PPC		EQU 0400AH
ExtraAllowAstOffBottom EQU 050E4H
FLAGX		EQU 0402DH
FRAMES		EQU 04034H
KEYBOARD_READ_PORT EQU 000FEH
KEYBOARD_READ_PORT_A_TO_G EQU 000FDH
KEYBOARD_READ_PORT_P_TO_Y EQU 000DFH
KEYBOARD_READ_PORT_Q_TO_T EQU 000FBH
KEYBOARD_READ_PORT_SHIFT_TO_V EQU 000FEH
KEYBOARD_READ_PORT_SPACE_TO_B EQU 0007FH
LAST_K		EQU 04025H
LEVEL_COUNT_DOWN_INIT EQU 00004H
LEV_COUNTDOWN_TO_INVOKE_BOSS EQU 00002H
Line1		EQU 0407DH
Line1End	EQU 04DB9H
Line1Text	EQU 04081H
Line2		EQU 04DB9H
Line2End	EQU 04DCBH
Line2Text	EQU 04DBDH
LivesText	EQU 054E3H
MARGIN		EQU 04028H
MEM		EQU 0401FH
MEMBOT		EQU 0403CH
MISSILE_COUNTDOWN_INIT EQU 00012H
MissileHitAsteroid EQU 047ACH
MissileInFlightFlag EQU 05477H
NXTLIN		EQU 04029H
OLDPPC		EQU 0402BH
PLAYER_LIVES	EQU 00003H
PLAYER_START_POS EQU 0027DH
PRINT		EQU 00010H
PRINTAT		EQU 008F5H
PR_CC		EQU 04038H
SCREEN_HEIGHT	EQU 00017H
SCREEN_WIDTH	EQU 00020H
SEED		EQU 04032H
STKBOT		EQU 0401AH
STKEND		EQU 0401CH
STRLEN		EQU 0402EH
S_POSN		EQU 04039H
S_TOP		EQU 04023H
TEMP_enemySpriteFrame EQU 0546DH
TEMP_enemySpritePointer EQU 05467H
TEMP_enemySpritePos_CUR EQU 05469H
TOTAL_NUMBER_OF_ASTEROIDS EQU 00008H
T_ADDR		EQU 04030H
TopLineText	EQU 054EAH
UFOBonusCountUp	EQU 054AFH
UFOBonusSprite	EQU 051FCH
UFOBonusSpritePointer EQU 054B0H
UFOValid	EQU 054AEH
UNUNSED2	EQU 0403EH
UNUSED1		EQU 04021H
VARS		EQU 04010H
VERSN		EQU 04009H
VSYNCLOOP	EQU 00002H
Variables	EQU 050E4H
VariablesEnd	EQU 055EFH
X_PTR		EQU 04018H
YSpeed		EQU 05472H
_0		EQU 0001CH
_1		EQU 0001DH
_2		EQU 0001EH
_3		EQU 0001FH
_4		EQU 00020H
_5		EQU 00021H
_6		EQU 00022H
_7		EQU 00023H
_8		EQU 00024H
_9		EQU 00025H
_A		EQU 00026H
_AS		EQU 00017H
_B		EQU 00027H
_BL		EQU 00080H
_C		EQU 00028H
_CL		EQU 0000EH
_CM		EQU 0001AH
_CP		EQU 00011H
_D		EQU 00029H
_DT		EQU 0001BH
_E		EQU 0002AH
_EQ		EQU 00014H
_F		EQU 0002BH
_G		EQU 0002CH
_GT		EQU 00012H
_H		EQU 0002DH
_I		EQU 0002EH
_J		EQU 0002FH
_K		EQU 00030H
_L		EQU 00031H
_LT		EQU 00013H
_M		EQU 00032H
_MI		EQU 00016H
_N		EQU 00033H
_NL		EQU 00076H
_O		EQU 00034H
_OP		EQU 00010H
_P		EQU 00035H
_PD		EQU 0000CH
_PL		EQU 00015H
_Q		EQU 00036H
_QM		EQU 0000FH
_QT		EQU 0000BH
_R		EQU 00037H
_S		EQU 00038H
_SC		EQU 00019H
_SD		EQU 0000DH
_SL		EQU 00018H
_T		EQU 00039H
_U		EQU 0003AH
_V		EQU 0003BH
_W		EQU 0003CH
_X		EQU 0003DH
_Y		EQU 0003EH
_Z		EQU 0003FH
__		EQU 00000H
addOneToHund	EQU 04D0DH
assumeAllAsteroidsValid EQU 045BCH
asteroidIndexLoop EQU 046FDH
asteroidIndexLoop2 EQU 0470DH
asteroidPosTemp	EQU 05475H
asteroidRowLeftPositionTemp EQU 054B7H
asteroidSpriteCycleCount EQU 054BAH
asteroidSpriteData4x4 EQU 05368H
asteroidSpritePointer EQU 054BBH
asteroidTempPositionStore EQU 04466H
asteroidTopLeftPositions EQU 054D3H
asteroidUFOCountUp EQU 04A3BH
asteroidValidMap EQU 045AAH
asteroidValidMapPtr EQU 045B2H
asteroidXPositions EQU 045B4H
awardNewLife	EQU 04D5BH
bitsetMaskAsteroidTemp EQU 054B9H
blankSprite	EQU 053A8H
blockFilled	EQU 05400H
bossLevelFlag	EQU 054AAH
bossSpriteLocation EQU 054CAH
checkAsteroidXPosLoop EQU 0436FH
checkForSharkHit EQU 04C08H
checkHitLoop	EQU 04788H
checkIfMissileHit EQU 0477CH
checkIfMissileHit_FAST EQU 046B4H
checkIfPlayerHit EQU 049FCH
checkIfPlayerHitEndEarly EQU 04A39H
checkIfPlayerHitLoop EQU 04A07H
checkNextMissileHit EQU 047A6H
continueDrawShark EQU 04C2AH
continueGampLoop EQU 04BB9H
continueUpdateAsteroid EQU 04490H
continueWithGameLoop EQU 04222H
countAsteroidValidLoop EQU 044D4H
countNumberValidAsteroids EQU 044CDH
credits_and_version_1 EQU 055B1H
credits_and_version_2 EQU 055C7H
credits_and_version_3 EQU 055D8H
currentMissilePosition EQU 05479H
currentPlayerLocation EQU 05473H
deadPlayerSpritePointer EQU 054B3H
debugPrintAsteroidPos1stRow EQU 043EAH
debugPrintAsteroidPos2ndRow EQU 04405H
debugPrintRegisters EQU 0454BH
doFireMissile	EQU 042C0H
doneRandAsteroid EQU 0437AH
drawAsteroidLoop EQU 045C7H
drawAsteroids	EQU 045BCH
drawExplosionPreLoop EQU 04738H
drawMissileAndBlank EQU 04951H
drawSprite	EQU 04CB2H
drawSprite_OR_BACKGROUND EQU 04CC3H
drawSprite_OR_ColLoop EQU 04CC6H
drawUFOBonus	EQU 04C09H
endBasic	EQU 04DCBH
endDrawAstLoop	EQU 0462AH
endDrawUFOBonus	EQU 04C8DH
endLoopUpdateAsteroids EQU 044C9H
endOfIncreaseScore EQU 04D62H
endOfUpdateJollyRoger EQU 04AB5H
endOfVsync	EQU 04DB7H
endOfcheckIfPlayerHit EQU 04A3AH
endTest		EQU 04088H
endTestDrawAsteroid EQU 046A2H
endTestHaltLoop	EQU 043A6H
endTestUpAstHaltLoop EQU 04509H
enemySprite4by4BlankPointer EQU 05470H
enemySprite5by8Blank EQU 05482H
enemySpriteFrameOne EQU 0546FH
enemySpriteFrameZero EQU 0546EH
enemySpriteOnePos_CUR EQU 05463H
enemySpriteOnePos_DIR EQU 0545FH
enemySpriteOnePos_END EQU 0545BH
enemySpriteOnePos_RATE EQU 05466H
enemySpriteOnePos_ST EQU 05457H
enemySpriteOne_HorizVert EQU 0546CH
enemySpriteZeroPos_CUR EQU 05461H
enemySpriteZeroPos_DIR EQU 0545DH
enemySpriteZeroPos_END EQU 05459H
enemySpriteZeroPos_RATE EQU 05465H
enemySpriteZeroPos_ST EQU 05455H
enemySpriteZero_HorizVert EQU 0546BH
enemySprites	EQU 05470H
evenOddLoopCount EQU 05454H
evenOddLoopFlag	EQU 05453H
executeNextLevelStart EQU 04B89H
executeRestartLevel EQU 04ACEH
exitLoopEarlyCheckCollision EQU 047EDH
explosionDelayLoop EQU 047CAH
explosionDelayLoop2 EQU 047CDH
explosionDelayLoop2_FAST EQU 04756H
explosionDelayLoop_FAST EQU 04753H
explosionDrawLoop EQU 047BBH
explosionDrawLoop_FAST EQU 0473DH
explsion4x4	EQU 0527CH
fastHit		EQU 046D8H
fastHitCheckLoop EQU 046E4H
fastHitDone	EQU 0477BH
fastHitFoundAsteroid EQU 046F0H
fastHitNotFoundAsteroid EQU 0472BH
fireMissile	EQU 04972H
fireMissileAgain EQU 04867H
fireMissileAgainTop EQU 048D7H
gameLevel	EQU 0547CH
gameLoop	EQU 041FCH
gameOverRestartFlag EQU 054CFH
game_objective_boarder EQU 0556CH
game_objective_txt EQU 0554FH
goNextLevelFlag	EQU 054D0H
highScoreHundEqualCheckTens EQU 04D29H
high_Score_txt	EQU 0559DH
high_score_hund	EQU 054C4H
high_score_tens	EQU 054C3H
hprint		EQU 04595H
increaseScore	EQU 04CFEH
initAsteroidsLoop EQU 04334H
initValid3AsteroidLoop EQU 042F5H
initValidAsteroidLoop EQU 04301H
initValidAsteroidLoop2 EQU 0430BH
initValidAsteroidLoop3 EQU 0431FH
initVariables	EQU 0417FH
initialiseAValidAlternate EQU 04306H
initialiseAsteroidValidAllOn EQU 042FAH
initialiseAsteroids EQU 0432FH
initialiseFirstAsteroidValid EQU 04315H
initialise_3_AsteroidValid EQU 042EEH
introWaitLoop	EQU 0408AH
introWaitLoop_1	EQU 0408CH
introWaitLoop_2	EQU 040ACH
intro_title	EQU 040B3H
jollyRoger	EQU 052C8H
jollyRogerDirUpdate EQU 054C7H
jollyRogerXPos	EQU 054C9H
jollyRogerYPosCountDown EQU 054CCH
keys_screen_txt_1 EQU 0551BH
keys_screen_txt_2 EQU 05536H
last_Score_txt	EQU 05589H
last_score_mem_hund EQU 054C6H
last_score_mem_tens EQU 054C5H
levelCountDown	EQU 0547BH
limitTo2	EQU 04390H
limitTo28	EQU 04394H
missileCountDown EQU 05478H
missileData	EQU 051ECH
missileNearTopSkipAll EQU 0477BH
moveLeft	EQU 04271H
moveRight	EQU 04299H
noAdjustRand	EQU 04367H
noDrawSharkAndSetInvalid EQU 04C6CH
noHitMissile	EQU 047E3H
noMissileUpClearMissile EQU 049A6H
noMissileUpdate	EQU 049BCH
notriggerUFO	EQU 04A56H
pirateDirUpdate	EQU 054BDH
pirateFiringFlag EQU 05451H
pirateXPos	EQU 054BFH
playerDeathDelayLoop EQU 04B0EH
playerDeathDelayLoop2 EQU 04B11H
playerDeathDelayLoop3 EQU 04B1BH
playerDeathDelayLoop4 EQU 04B1EH
playerDeathLoop	EQU 04AF4H
playerHitSprite	EQU 05308H
playerLives	EQU 054C0H
playerSpriteData EQU 05398H
playerSpritePointer EQU 054B5H
playerXPos	EQU 05452H
preinit		EQU 0417CH
previousbossSpriteLocation EQU 054CDH
printAsteroidPoistions EQU 043E2H
printAsteroidPositionsTestUpdate EQU 0450DH
printAsteroidValidStatus EQU 043AAH
printAsteroidXPosLoop EQU 04424H
printAsteroidXPositions EQU 0441CH
printDebugRandAsteroid EQU 04435H
printLivesAndScore EQU 04CD9H
printNumber	EQU 04D96H
printNumber_loop EQU 04D9AH
printUpdateAsteroidPos1stRow EQU 04513H
printUpdateAsteroidPos2ndRow EQU 04534H
print_number16bits EQU 04D75H
print_number8bits EQU 04D80H
printstring	EQU 04D63H
printstring_end	EQU 04D73H
printstring_loop EQU 04D68H
randAsteroidLocation EQU 0435DH
randLimitComplete EQU 04396H
randNextAsteroidPosition EQU 05450H
randomSeed	EQU 054D1H
read_start_key_1 EQU 04166H
read_start_key_2 EQU 04171H
resetAsteroidSprite EQU 04617H
resetAsteroidText EQU 04468H
resetAsteroid_HL EQU 04637H
resetEvenOddAndSetFlag EQU 04219H
resetJollyRogerPos EQU 04C8EH
resetRandSeed_1	EQU 0409FH
resetSharkSpriteSprite EQU 04C20H
resetUpdateAsteroid EQU 044ACH
restartLevelFlag EQU 05481H
reverseDirToNeg	EQU 04A64H
reverseDirToPos	EQU 04AADH
scoreNewLifeCheckTens EQU 04D4FH
score_mem_hund	EQU 054C2H
score_mem_tens	EQU 054C1H
secondIntroWaitLoop EQU 040AAH
setBossLevelFlag EQU 04BAFH
setEndOfLevelFlagJR EQU 04A81H
setFirstPositionForTest EQU 04324H
setGameOverFlag	EQU 04B3FH
setGameOverFlagJR EQU 04AA4H
setHighScore	EQU 04D36H
setRandomNumber16 EQU 0437EH
sharkAbsoluteScreenPos EQU 054ACH
sharkPosX	EQU 054ABH
sharkSpriteCycleCount EQU 054B2H
skipAddHund	EQU 04D1BH
skipCheckRestHighScore EQU 04D44H
skipDrawAsteroid EQU 04625H
skipFireKeyDetect_1 EQU 0426EH
skipGameOverFlagSet EQU 04B44H
skipIncValidAsteroid EQU 044DAH
skipLaunchMissile EQU 0498DH
skipMissileDraw	EQU 042E5H
skipPlayerHit	EQU 04A34H
skipUFOInGameLoop EQU 04236H
skipUpdateAsteroidSpritePtr EQU 04621H
skipasteroidIndexLoop EQU 04700H
skipasteroidIndexLoop2 EQU 04711H
skipfireMissileAgain EQU 0486DH
skipfireMissileAgainTop EQU 048DDH
sync		EQU 04DB1H
tempFindAsteroidIndex EQU 046A5H
testAsteroidText_done EQU 04656H
testCheckColMissileLoop1 EQU 04838H
testCheckColMissileLoop2 EQU 04915H
testCheckColMissileLoopTop1 EQU 048AEH
testCheckCollisionDone EQU 04883H
testCheckCollisionDone2 EQU 04947H
testCheckCollisionDoneTop EQU 048EAH
testCollisionTextMulti_done EQU 047EEH
testCollisionTextOne_done EQU 047FEH
testCollisionTextTop_done EQU 0480CH
testDEBUGText_HIT EQU 046A6H
testDEBUGText_NOTHIT EQU 046ACH
testFullScreenAsteroidUpdateLoop EQU 044FCH
testMissileText_done EQU 049BDH
testMoveMissileLoop EQU 049DFH
testValidPrintAsteroidLoop EQU 043B2H
test_DrawAsteroidLoop1 EQU 0466BH
test_DrawAsteroidLoop2 EQU 04686H
test_Missile	EQU 049C7H
test_UpdateAsteroids EQU 044DFH
test_checkCollisionAtTopRow EQU 04890H
test_checkCollisionMulti EQU 0481AH
test_checkCollision_One EQU 048F7H
test_drawAsteroids EQU 04660H
test_initialiseAsteroids EQU 04397H
test_randAsteroidLocation EQU 043C1H
test_randAsteroidLoop EQU 043C9H
title_screen_txt EQU 0550AH
triggerUFO	EQU 04A48H
updateAsteroidLoop EQU 04473H
updateAsteroidsPositions EQU 0446EH
updateJollyRoger EQU 04A57H
updateMissilePosition EQU 0498EH
updateRestOfScreen EQU 042C3H
vsync		EQU 04DADH
waitForTVSync	EQU 041FEH
waitForTVSyncTestCheckCol1 EQU 0483CH
waitForTVSyncTestCheckCol2 EQU 04919H
waitForTVSyncTestCheckColTop1 EQU 048B2H
waitForTVSyncTestDraw1 EQU 0466FH
waitForTVSyncTestDraw2 EQU 0468AH
waitForTVSyncTestMissile EQU 049E3H
